// Jest Snapshot v1, https://goo.gl/fbAQLP

exports[`<Phases /> renders correctly 1`] = `
ShallowWrapper {
  Symbol(enzyme.__root__): [Circular],
  Symbol(enzyme.__unrendered__): <Phases
    handleOvulation={[MockFunction]}
    handlePostOvulation={[MockFunction]}
    handlePreOvulation={[MockFunction]}
    ovulationActive={false}
    ovulationStep={false}
    postOvulationActive={false}
    postOvulationStep={false}
    preOvulation={false}
    preOvulationActive={false}
    preOvulationStep={false}
    t={
      [MockFunction] {
        "calls": Array [
          Array [
            "Pre-Ovulation",
          ],
          Array [
            "Ovulation",
          ],
          Array [
            "Post-Ovulation",
          ],
        ],
        "results": Array [
          Object {
            "isThrow": false,
            "value": undefined,
          },
          Object {
            "isThrow": false,
            "value": undefined,
          },
          Object {
            "isThrow": false,
            "value": undefined,
          },
        ],
      }
    }
  />,
  Symbol(enzyme.__renderer__): Object {
    "batchedUpdates": [Function],
    "checkPropTypes": [Function],
    "getNode": [Function],
    "render": [Function],
    "simulateError": [Function],
    "simulateEvent": [Function],
    "unmount": [Function],
  },
  Symbol(enzyme.__node__): Object {
    "instance": null,
    "key": undefined,
    "nodeType": "host",
    "props": Object {
      "children": <div
        className="phases"
      >
        <Button
          className="  cycle-phase"
          color="secondary"
          disabled={false}
          onClick={[MockFunction]}
          outline={true}
          tag="button"
        />
        <br />
        <Button
          className="  m-2 cycle-phase"
          color="secondary"
          disabled={false}
          onClick={[MockFunction]}
          outline={true}
          tag="button"
        />
        <br />
        <Button
          className="  cycle-phase"
          color="secondary"
          disabled={false}
          onClick={[MockFunction]}
          outline={true}
          tag="button"
        />
      </div>,
      "className": "phases-container",
    },
    "ref": null,
    "rendered": Object {
      "instance": null,
      "key": undefined,
      "nodeType": "host",
      "props": Object {
        "children": Array [
          <Button
            className="  cycle-phase"
            color="secondary"
            disabled={false}
            onClick={[MockFunction]}
            outline={true}
            tag="button"
          />,
          <br />,
          <Button
            className="  m-2 cycle-phase"
            color="secondary"
            disabled={false}
            onClick={[MockFunction]}
            outline={true}
            tag="button"
          />,
          <br />,
          <Button
            className="  cycle-phase"
            color="secondary"
            disabled={false}
            onClick={[MockFunction]}
            outline={true}
            tag="button"
          />,
        ],
        "className": "phases",
      },
      "ref": null,
      "rendered": Array [
        Object {
          "instance": null,
          "key": undefined,
          "nodeType": "class",
          "props": Object {
            "children": undefined,
            "className": "  cycle-phase",
            "color": "secondary",
            "disabled": false,
            "onClick": [MockFunction],
            "outline": true,
            "tag": "button",
          },
          "ref": null,
          "rendered": null,
          "type": [Function],
        },
        Object {
          "instance": null,
          "key": undefined,
          "nodeType": "host",
          "props": Object {},
          "ref": null,
          "rendered": null,
          "type": "br",
        },
        Object {
          "instance": null,
          "key": undefined,
          "nodeType": "class",
          "props": Object {
            "children": undefined,
            "className": "  m-2 cycle-phase",
            "color": "secondary",
            "disabled": false,
            "onClick": [MockFunction],
            "outline": true,
            "tag": "button",
          },
          "ref": null,
          "rendered": null,
          "type": [Function],
        },
        Object {
          "instance": null,
          "key": undefined,
          "nodeType": "host",
          "props": Object {},
          "ref": null,
          "rendered": null,
          "type": "br",
        },
        Object {
          "instance": null,
          "key": undefined,
          "nodeType": "class",
          "props": Object {
            "children": undefined,
            "className": "  cycle-phase",
            "color": "secondary",
            "disabled": false,
            "onClick": [MockFunction],
            "outline": true,
            "tag": "button",
          },
          "ref": null,
          "rendered": null,
          "type": [Function],
        },
      ],
      "type": "div",
    },
    "type": "div",
  },
  Symbol(enzyme.__nodes__): Array [
    Object {
      "instance": null,
      "key": undefined,
      "nodeType": "host",
      "props": Object {
        "children": <div
          className="phases"
        >
          <Button
            className="  cycle-phase"
            color="secondary"
            disabled={false}
            onClick={[MockFunction]}
            outline={true}
            tag="button"
          />
          <br />
          <Button
            className="  m-2 cycle-phase"
            color="secondary"
            disabled={false}
            onClick={[MockFunction]}
            outline={true}
            tag="button"
          />
          <br />
          <Button
            className="  cycle-phase"
            color="secondary"
            disabled={false}
            onClick={[MockFunction]}
            outline={true}
            tag="button"
          />
        </div>,
        "className": "phases-container",
      },
      "ref": null,
      "rendered": Object {
        "instance": null,
        "key": undefined,
        "nodeType": "host",
        "props": Object {
          "children": Array [
            <Button
              className="  cycle-phase"
              color="secondary"
              disabled={false}
              onClick={[MockFunction]}
              outline={true}
              tag="button"
            />,
            <br />,
            <Button
              className="  m-2 cycle-phase"
              color="secondary"
              disabled={false}
              onClick={[MockFunction]}
              outline={true}
              tag="button"
            />,
            <br />,
            <Button
              className="  cycle-phase"
              color="secondary"
              disabled={false}
              onClick={[MockFunction]}
              outline={true}
              tag="button"
            />,
          ],
          "className": "phases",
        },
        "ref": null,
        "rendered": Array [
          Object {
            "instance": null,
            "key": undefined,
            "nodeType": "class",
            "props": Object {
              "children": undefined,
              "className": "  cycle-phase",
              "color": "secondary",
              "disabled": false,
              "onClick": [MockFunction],
              "outline": true,
              "tag": "button",
            },
            "ref": null,
            "rendered": null,
            "type": [Function],
          },
          Object {
            "instance": null,
            "key": undefined,
            "nodeType": "host",
            "props": Object {},
            "ref": null,
            "rendered": null,
            "type": "br",
          },
          Object {
            "instance": null,
            "key": undefined,
            "nodeType": "class",
            "props": Object {
              "children": undefined,
              "className": "  m-2 cycle-phase",
              "color": "secondary",
              "disabled": false,
              "onClick": [MockFunction],
              "outline": true,
              "tag": "button",
            },
            "ref": null,
            "rendered": null,
            "type": [Function],
          },
          Object {
            "instance": null,
            "key": undefined,
            "nodeType": "host",
            "props": Object {},
            "ref": null,
            "rendered": null,
            "type": "br",
          },
          Object {
            "instance": null,
            "key": undefined,
            "nodeType": "class",
            "props": Object {
              "children": undefined,
              "className": "  cycle-phase",
              "color": "secondary",
              "disabled": false,
              "onClick": [MockFunction],
              "outline": true,
              "tag": "button",
            },
            "ref": null,
            "rendered": null,
            "type": [Function],
          },
        ],
        "type": "div",
      },
      "type": "div",
    },
  ],
  Symbol(enzyme.__options__): Object {
    "adapter": ReactSixteenAdapter {
      "options": Object {
        "enableComponentDidUpdateOnSetState": true,
        "legacyContextMode": "parent",
        "lifecycles": Object {
          "componentDidUpdate": Object {
            "onSetState": true,
          },
          "getChildContext": Object {
            "calledByRenderer": false,
          },
          "getDerivedStateFromProps": true,
          "getSnapshotBeforeUpdate": true,
          "setState": Object {
            "skipsComponentDidUpdateOnNullish": true,
          },
        },
      },
    },
  },
}
`;
